// Jest Snapshot v1, https://goo.gl/fbAQLP

exports[`renders correctly11 1`] = `undefined`;
