// Jest Snapshot v1, https://goo.gl/fbAQLP

exports[`Testing ReassignLocationMenu component renders as expected 1`] = `ShallowWrapper {}`;

exports[`Testing ReassignLocationMenu component renders as expected 2`] = `ShallowWrapper {}`;
